---
source: libarch-sys/src/lib.rs
expression: "crate::disassemble(&data)"
---
A9BC7BFD: memory_pair_general_preidx_memory_pair_general_postidx__decode opc_part1: 0x1, 0, 5, 0, 3, 0, imm7: 0x78, Rt2: 0x1e, Rn: 0x1f, Rt: 0x1d, 
910003FD: integer_arithmetic_addsub_immediate_decode sf: 0x1, 0, 0, 17, shift: 0x0, imm12: 0x0, Rn: 0x1f, Rd: 0x1d, 
90000000: integer_arithmetic_address_pcrel_decode 1, immlo: 0x0, 16, immhi: 0x0, Rd: 0x0, 
F9400000: memory_single_general_immediate_unsigned_memory_single_general_immediate_signed_postidx__decode 1, size: 0x1, 7, 0, 1, 1, imm12: 0x0, Rn: 0x0, Rt: 0x0, 
F9400001: memory_single_general_immediate_unsigned_memory_single_general_immediate_signed_postidx__decode 1, size: 0x1, 7, 0, 1, 1, imm12: 0x0, Rn: 0x0, Rt: 0x1, 
F9001FE1: memory_single_general_immediate_unsigned_memory_single_general_immediate_signed_postidx__decode 1, size: 0x1, 7, 0, 1, 0, imm12: 0x7, Rn: 0x1f, Rt: 0x1, 
D2800001: integer_insext_insert_movewide_decode sf: 0x1, 2, 37, hw: 0x0, imm16: 0x0, Rd: 0x1, 
90000000: integer_arithmetic_address_pcrel_decode 1, immlo: 0x0, 16, immhi: 0x0, Rd: 0x0, 
91000001: integer_arithmetic_addsub_immediate_decode sf: 0x1, 0, 0, 17, shift: 0x0, imm12: 0x0, Rn: 0x0, Rd: 0x1, 
9100A3E0: integer_arithmetic_addsub_immediate_decode sf: 0x1, 0, 0, 17, shift: 0x0, imm12: 0x28, Rn: 0x1f, Rd: 0x0, 
F9400022: memory_single_general_immediate_unsigned_memory_single_general_immediate_signed_postidx__decode 1, size: 0x1, 7, 0, 1, 1, imm12: 0x0, Rn: 0x1, Rt: 0x2, 
F9000002: memory_single_general_immediate_unsigned_memory_single_general_immediate_signed_postidx__decode 1, size: 0x1, 7, 0, 1, 0, imm12: 0x0, Rn: 0x0, Rt: 0x2, 
F8405021: memory_single_general_immediate_signed_offset_normal_memory_single_general_immediate_signed_offset_normal__decode 1, size: 0x1, 7, 0, 0, 1, 0, imm9: 0x5, 0, Rn: 0x1, Rt: 0x1, 
F8005001: memory_single_general_immediate_signed_offset_normal_memory_single_general_immediate_signed_offset_normal__decode 1, size: 0x1, 7, 0, 0, 0, 0, imm9: 0x5, 0, Rn: 0x0, Rt: 0x1, 
52801400: integer_insext_insert_movewide_decode sf: 0x0, 2, 37, hw: 0x0, imm16: 0xa0, Rd: 0x0, 
B9001FE0: memory_single_general_immediate_unsigned_memory_single_general_immediate_signed_postidx__decode 1, size: 0x0, 7, 0, 1, 0, imm12: 0x7, Rn: 0x1f, Rt: 0x0, 
B9401FE1: memory_single_general_immediate_unsigned_memory_single_general_immediate_signed_postidx__decode 1, size: 0x0, 7, 0, 1, 1, imm12: 0x7, Rn: 0x1f, Rt: 0x1, 
2A0103E0: integer_logical_shiftedreg_decode sf: 0x0, 1, 10, shift: 0x0, 0, Rm: 0x1, imm6: 0x0, Rn: 0x1f, Rd: 0x0, 
531D7000: integer_bitfield_decode sf: 0x0, 2, 38, N: 0x0, immr: 0x1d, imms: 0x1c, Rn: 0x0, Rd: 0x0, 
4B010000: integer_arithmetic_addsub_shiftedreg_decode sf: 0x0, 1, 0, 11, shift: 0x0, 0, Rm: 0x1, imm6: 0x0, Rn: 0x0, Rd: 0x0, 
B90023E0: memory_single_general_immediate_unsigned_memory_single_general_immediate_signed_postidx__decode 1, size: 0x0, 7, 0, 1, 0, imm12: 0x8, Rn: 0x1f, Rt: 0x0, 
B9401FE1: memory_single_general_immediate_unsigned_memory_single_general_immediate_signed_postidx__decode 1, size: 0x0, 7, 0, 1, 1, imm12: 0x7, Rn: 0x1f, Rt: 0x1, 
B94023E0: memory_single_general_immediate_unsigned_memory_single_general_immediate_signed_postidx__decode 1, size: 0x0, 7, 0, 1, 1, imm12: 0x8, Rn: 0x1f, Rt: 0x0, 
1AC00820: integer_arithmetic_div_decode sf: 0x0, 0, 0, 214, Rm: 0x0, 1, 0, Rn: 0x1, Rd: 0x0, 
B90027E0: memory_single_general_immediate_unsigned_memory_single_general_immediate_signed_postidx__decode 1, size: 0x0, 7, 0, 1, 0, imm12: 0x9, Rn: 0x1f, Rt: 0x0, 
9100A3E0: integer_arithmetic_addsub_immediate_decode sf: 0x1, 0, 0, 17, shift: 0x0, imm12: 0x28, Rn: 0x1f, Rd: 0x0, 
D28001A2: integer_insext_insert_movewide_decode sf: 0x1, 2, 37, hw: 0x0, imm16: 0xd, Rd: 0x2, 
AA0003E1: integer_logical_shiftedreg_decode sf: 0x1, 1, 10, shift: 0x0, 0, Rm: 0x0, imm6: 0x0, Rn: 0x1f, Rd: 0x1, 
52800000: integer_insext_insert_movewide_decode sf: 0x0, 2, 37, hw: 0x0, imm16: 0x0, Rd: 0x0, 
94000000: branch_unconditional_immediate_decode 1, 5, imm26: 0x0, 
52800000: integer_insext_insert_movewide_decode sf: 0x0, 2, 37, hw: 0x0, imm16: 0x0, Rd: 0x0, 
94000000: branch_unconditional_immediate_decode 1, 5, imm26: 0x0, 

