---
source: sail/src/load.rs
assertion_line: 171
expression: "(ast, env)"
---
[
  {
    "defs": [],
    "comments": []
  },
  {
    "top_val_specs": [
      [
        {
          "inner": {
            "Identifier": "make_the_value"
          },
          "location": "Unknown"
        },
        [
          {
            "inner": {
              "Tq": [
                {
                  "inner": {
                    "KindedIdentifier": {
                      "inner": {
                        "kind_identifier": []
                      },
                      "location": "Unknown"
                    }
                  },
                  "location": "Unknown"
                }
              ]
            },
            "location": "Unknown"
          },
          {
            "inner": {
              "Fn": [
                [
                  {
                    "inner": {
                      "Application": [
                        {
                          "inner": {
                            "Identifier": "atom"
                          },
                          "location": "Unknown"
                        },
                        [
                          {
                            "inner": {
                              "NExp": {
                                "inner": {
                                  "Var": {
                                    "inner": {
                                      "kind_identifier": []
                                    },
                                    "location": "Unknown"
                                  }
                                },
                                "location": "Unknown"
                              }
                            },
                            "location": "Unknown"
                          }
                        ]
                      ]
                    },
                    "annotation": "Unknown"
                  }
                ],
                {
                  "inner": {
                    "Application": [
                      {
                        "inner": {
                          "Identifier": "itself"
                        },
                        "location": "Unknown"
                      },
                      [
                        {
                          "inner": {
                            "NExp": {
                              "inner": {
                                "Var": {
                                  "inner": {
                                    "kind_identifier": []
                                  },
                                  "location": "Unknown"
                                }
                              },
                              "location": "Unknown"
                            }
                          },
                          "location": "Unknown"
                        }
                      ]
                    ]
                  },
                  "annotation": "Unknown"
                }
              ]
            },
            "annotation": "Unknown"
          }
        ]
      ],
      [
        {
          "inner": {
            "Identifier": "sail_assume"
          },
          "location": "Unknown"
        },
        [
          {
            "inner": {
              "Tq": [
                {
                  "inner": {
                    "KindedIdentifier": {
                      "inner": {
                        "kind_identifier": []
                      },
                      "location": "Unknown"
                    }
                  },
                  "location": "Unknown"
                }
              ]
            },
            "location": "Unknown"
          },
          {
            "inner": {
              "Fn": [
                [
                  {
                    "inner": {
                      "Application": [
                        {
                          "inner": {
                            "Identifier": "atom_bool"
                          },
                          "location": "Unknown"
                        },
                        [
                          {
                            "inner": {
                              "Bool": {
                                "inner": {
                                  "Var": {
                                    "inner": {
                                      "kind_identifier": []
                                    },
                                    "location": "Unknown"
                                  }
                                },
                                "location": "Unknown"
                              }
                            },
                            "location": "Unknown"
                          }
                        ]
                      ]
                    },
                    "annotation": "Unknown"
                  }
                ],
                {
                  "inner": {
                    "Id": {
                      "inner": {
                        "Identifier": "unit"
                      },
                      "location": "Unknown"
                    }
                  },
                  "annotation": "Unknown"
                }
              ]
            },
            "annotation": "Unknown"
          }
        ]
      ],
      [
        {
          "inner": {
            "Identifier": "size_itself_int"
          },
          "location": "Unknown"
        },
        [
          {
            "inner": {
              "Tq": [
                {
                  "inner": {
                    "KindedIdentifier": {
                      "inner": {
                        "kind_identifier": []
                      },
                      "location": "Unknown"
                    }
                  },
                  "location": "Unknown"
                }
              ]
            },
            "location": "Unknown"
          },
          {
            "inner": {
              "Fn": [
                [
                  {
                    "inner": {
                      "Application": [
                        {
                          "inner": {
                            "Identifier": "itself"
                          },
                          "location": "Unknown"
                        },
                        [
                          {
                            "inner": {
                              "NExp": {
                                "inner": {
                                  "Var": {
                                    "inner": {
                                      "kind_identifier": []
                                    },
                                    "location": "Unknown"
                                  }
                                },
                                "location": "Unknown"
                              }
                            },
                            "location": "Unknown"
                          }
                        ]
                      ]
                    },
                    "annotation": "Unknown"
                  }
                ],
                {
                  "inner": {
                    "Application": [
                      {
                        "inner": {
                          "Identifier": "atom"
                        },
                        "location": "Unknown"
                      },
                      [
                        {
                          "inner": {
                            "NExp": {
                              "inner": {
                                "Var": {
                                  "inner": {
                                    "kind_identifier": []
                                  },
                                  "location": "Unknown"
                                }
                              },
                              "location": "Unknown"
                            }
                          },
                          "location": "Unknown"
                        }
                      ]
                    ]
                  },
                  "annotation": "Unknown"
                }
              ]
            },
            "annotation": "Unknown"
          }
        ]
      ]
    ],
    "locals": [],
    "union_ids": [],
    "variants": [],
    "scattered_variant_envs": [],
    "mappings": [],
    "casts": [],
    "allow_casts": true,
    "allow_bindings": true,
    "allow_unknowns": false
  }
]
