---
source: sail/src/lib.rs
assertion_line: 102
expression: "load_from_config(\"../testdata/empty.json\").unwrap()"
---
[
  {
    "String": "out.sail"
  },
  {
    "defs": [],
    "comments": [],
    "id": 0
  },
  {
    "top_val_specs": [
      [
        {
          "inner": {
            "Identifier": {
              "String": "make_the_value"
            }
          },
          "location": "Unknown",
          "id": 0
        },
        [
          {
            "inner": {
              "Tq": [
                {
                  "inner": {
                    "KindedIdentifier": {
                      "inner": {
                        "kind_identifier": {},
                        "id": 0
                      },
                      "location": "Unknown",
                      "id": 0
                    }
                  },
                  "location": "Unknown",
                  "id": 0
                }
              ]
            },
            "location": "Unknown",
            "id": 0
          },
          {
            "inner": {
              "Fn": [
                [
                  {
                    "inner": {
                      "Application": [
                        {
                          "inner": {
                            "Identifier": {
                              "String": "atom"
                            }
                          },
                          "location": "Unknown",
                          "id": 0
                        },
                        [
                          {
                            "inner": {
                              "NExp": {
                                "inner": {
                                  "Var": {
                                    "inner": {
                                      "kind_identifier": {},
                                      "id": 0
                                    },
                                    "location": "Unknown",
                                    "id": 0
                                  }
                                },
                                "location": "Unknown",
                                "id": 0
                              }
                            },
                            "location": "Unknown",
                            "id": 0
                          }
                        ]
                      ]
                    },
                    "annotation": "Unknown",
                    "id": 0
                  }
                ],
                {
                  "inner": {
                    "Application": [
                      {
                        "inner": {
                          "Identifier": {
                            "String": "itself"
                          }
                        },
                        "location": "Unknown",
                        "id": 0
                      },
                      [
                        {
                          "inner": {
                            "NExp": {
                              "inner": {
                                "Var": {
                                  "inner": {
                                    "kind_identifier": {},
                                    "id": 0
                                  },
                                  "location": "Unknown",
                                  "id": 0
                                }
                              },
                              "location": "Unknown",
                              "id": 0
                            }
                          },
                          "location": "Unknown",
                          "id": 0
                        }
                      ]
                    ]
                  },
                  "annotation": "Unknown",
                  "id": 0
                },
                {
                  "inner": {
                    "inner": [],
                    "id": 0
                  },
                  "location": "Unknown",
                  "id": 0
                }
              ]
            },
            "annotation": "Unknown",
            "id": 0
          }
        ]
      ],
      [
        {
          "inner": {
            "Identifier": {
              "String": "sail_assume"
            }
          },
          "location": "Unknown",
          "id": 0
        },
        [
          {
            "inner": {
              "Tq": [
                {
                  "inner": {
                    "KindedIdentifier": {
                      "inner": {
                        "kind_identifier": {},
                        "id": 0
                      },
                      "location": "Unknown",
                      "id": 0
                    }
                  },
                  "location": "Unknown",
                  "id": 0
                }
              ]
            },
            "location": "Unknown",
            "id": 0
          },
          {
            "inner": {
              "Fn": [
                [
                  {
                    "inner": {
                      "Application": [
                        {
                          "inner": {
                            "Identifier": {
                              "String": "atom_bool"
                            }
                          },
                          "location": "Unknown",
                          "id": 0
                        },
                        [
                          {
                            "inner": {
                              "Bool": {
                                "inner": {
                                  "Var": {
                                    "inner": {
                                      "kind_identifier": {},
                                      "id": 0
                                    },
                                    "location": "Unknown",
                                    "id": 0
                                  }
                                },
                                "location": "Unknown",
                                "id": 0
                              }
                            },
                            "location": "Unknown",
                            "id": 0
                          }
                        ]
                      ]
                    },
                    "annotation": "Unknown",
                    "id": 0
                  }
                ],
                {
                  "inner": {
                    "Id": {
                      "inner": {
                        "Identifier": {
                          "String": "unit"
                        }
                      },
                      "location": "Unknown",
                      "id": 0
                    }
                  },
                  "annotation": "Unknown",
                  "id": 0
                },
                {
                  "inner": {
                    "inner": [],
                    "id": 0
                  },
                  "location": "Unknown",
                  "id": 0
                }
              ]
            },
            "annotation": "Unknown",
            "id": 0
          }
        ]
      ],
      [
        {
          "inner": {
            "Identifier": {
              "String": "size_itself_int"
            }
          },
          "location": "Unknown",
          "id": 0
        },
        [
          {
            "inner": {
              "Tq": [
                {
                  "inner": {
                    "KindedIdentifier": {
                      "inner": {
                        "kind_identifier": {},
                        "id": 0
                      },
                      "location": "Unknown",
                      "id": 0
                    }
                  },
                  "location": "Unknown",
                  "id": 0
                }
              ]
            },
            "location": "Unknown",
            "id": 0
          },
          {
            "inner": {
              "Fn": [
                [
                  {
                    "inner": {
                      "Application": [
                        {
                          "inner": {
                            "Identifier": {
                              "String": "itself"
                            }
                          },
                          "location": "Unknown",
                          "id": 0
                        },
                        [
                          {
                            "inner": {
                              "NExp": {
                                "inner": {
                                  "Var": {
                                    "inner": {
                                      "kind_identifier": {},
                                      "id": 0
                                    },
                                    "location": "Unknown",
                                    "id": 0
                                  }
                                },
                                "location": "Unknown",
                                "id": 0
                              }
                            },
                            "location": "Unknown",
                            "id": 0
                          }
                        ]
                      ]
                    },
                    "annotation": "Unknown",
                    "id": 0
                  }
                ],
                {
                  "inner": {
                    "Application": [
                      {
                        "inner": {
                          "Identifier": {
                            "String": "atom"
                          }
                        },
                        "location": "Unknown",
                        "id": 0
                      },
                      [
                        {
                          "inner": {
                            "NExp": {
                              "inner": {
                                "Var": {
                                  "inner": {
                                    "kind_identifier": {},
                                    "id": 0
                                  },
                                  "location": "Unknown",
                                  "id": 0
                                }
                              },
                              "location": "Unknown",
                              "id": 0
                            }
                          },
                          "location": "Unknown",
                          "id": 0
                        }
                      ]
                    ]
                  },
                  "annotation": "Unknown",
                  "id": 0
                },
                {
                  "inner": {
                    "inner": [],
                    "id": 0
                  },
                  "location": "Unknown",
                  "id": 0
                }
              ]
            },
            "annotation": "Unknown",
            "id": 0
          }
        ]
      ]
    ],
    "locals": [],
    "union_ids": [],
    "registers": [],
    "variants": [],
    "scattered_variant_envs": [],
    "mappings": [],
    "casts": [],
    "allow_casts": true,
    "allow_bindings": true,
    "allow_unknowns": false
  }
]
