---
source: src/lib.rs
expression: "load_files(vec![]).unwrap()"
---
[
  {
    "String": "out.sail"
  },
  {
    "defs": [],
    "comments": []
  },
  {
    "top_val_specs": [
      [
        [
          {
            "Identifier": {
              "String": "make_the_value"
            }
          },
          "Unknown"
        ],
        [
          [
            {
              "Tq": [
                [
                  {
                    "KindedIdentifier": [
                      {
                        "kind_identifier": {
                          "String": "\u0003\u0000\u0000\u0000\u0000\u0000\u0000\u0000\u0001\u0000\u0000\u0000\u0000\u0000\u0000"
                        }
                      },
                      "Unknown"
                    ]
                  },
                  "Unknown"
                ]
              ]
            },
            "Unknown"
          ],
          [
            {
              "Fn": [
                [
                  [
                    {
                      "Application": [
                        [
                          {
                            "Identifier": {
                              "String": "atom"
                            }
                          },
                          "Unknown"
                        ],
                        [
                          [
                            {
                              "NExp": [
                                {
                                  "Var": [
                                    {
                                      "kind_identifier": {
                                        "String": "'n"
                                      }
                                    },
                                    "Unknown"
                                  ]
                                },
                                "Unknown"
                              ]
                            },
                            "Unknown"
                          ]
                        ]
                      ]
                    },
                    "Unknown"
                  ]
                ],
                [
                  {
                    "Application": [
                      [
                        {
                          "Identifier": {
                            "String": "itself"
                          }
                        },
                        "Unknown"
                      ],
                      [
                        [
                          {
                            "NExp": [
                              {
                                "Var": [
                                  {
                                    "kind_identifier": {
                                      "String": "'n"
                                    }
                                  },
                                  "Unknown"
                                ]
                              },
                              "Unknown"
                            ]
                          },
                          "Unknown"
                        ]
                      ]
                    ]
                  },
                  "Unknown"
                ],
                [
                  [],
                  "Unknown"
                ]
              ]
            },
            "Unknown"
          ]
        ]
      ],
      [
        [
          {
            "Identifier": {
              "String": "sail_assume"
            }
          },
          "Unknown"
        ],
        [
          [
            {
              "Tq": [
                [
                  {
                    "KindedIdentifier": [
                      {
                        "kind_identifier": {
                          "String": "\u0007\u0000\u0000\u0000\u0000\u0000\u0000\u0000\u0001\u0000\u0000\u0000\u0000\u0000\u0000"
                        }
                      },
                      "Unknown"
                    ]
                  },
                  "Unknown"
                ]
              ]
            },
            "Unknown"
          ],
          [
            {
              "Fn": [
                [
                  [
                    {
                      "Application": [
                        [
                          {
                            "Identifier": {
                              "String": "atom_bool"
                            }
                          },
                          "Unknown"
                        ],
                        [
                          [
                            {
                              "Bool": [
                                {
                                  "Var": [
                                    {
                                      "kind_identifier": {
                                        "String": "'ex0#"
                                      }
                                    },
                                    "Unknown"
                                  ]
                                },
                                "Unknown"
                              ]
                            },
                            "Unknown"
                          ]
                        ]
                      ]
                    },
                    "Unknown"
                  ]
                ],
                [
                  {
                    "Id": [
                      {
                        "Identifier": {
                          "String": "unit"
                        }
                      },
                      "Unknown"
                    ]
                  },
                  "Unknown"
                ],
                [
                  [],
                  "Unknown"
                ]
              ]
            },
            "Unknown"
          ]
        ]
      ],
      [
        [
          {
            "Identifier": {
              "String": "size_itself_int"
            }
          },
          "Unknown"
        ],
        [
          [
            {
              "Tq": [
                [
                  {
                    "KindedIdentifier": [
                      {
                        "kind_identifier": {
                          "String": "\u0003\u0000\u0000\u0000\u0000\u0000\u0000\u0000\u0001\u0000\u0000\u0000\u0000\u0000\u0000"
                        }
                      },
                      "Unknown"
                    ]
                  },
                  "Unknown"
                ]
              ]
            },
            "Unknown"
          ],
          [
            {
              "Fn": [
                [
                  [
                    {
                      "Application": [
                        [
                          {
                            "Identifier": {
                              "String": "itself"
                            }
                          },
                          "Unknown"
                        ],
                        [
                          [
                            {
                              "NExp": [
                                {
                                  "Var": [
                                    {
                                      "kind_identifier": {
                                        "String": "'n"
                                      }
                                    },
                                    "Unknown"
                                  ]
                                },
                                "Unknown"
                              ]
                            },
                            "Unknown"
                          ]
                        ]
                      ]
                    },
                    "Unknown"
                  ]
                ],
                [
                  {
                    "Application": [
                      [
                        {
                          "Identifier": {
                            "String": "atom"
                          }
                        },
                        "Unknown"
                      ],
                      [
                        [
                          {
                            "NExp": [
                              {
                                "Var": [
                                  {
                                    "kind_identifier": {
                                      "String": "'n"
                                    }
                                  },
                                  "Unknown"
                                ]
                              },
                              "Unknown"
                            ]
                          },
                          "Unknown"
                        ]
                      ]
                    ]
                  },
                  "Unknown"
                ],
                [
                  [],
                  "Unknown"
                ]
              ]
            },
            "Unknown"
          ]
        ]
      ]
    ],
    "locals": [],
    "union_ids": [],
    "registers": [],
    "variants": [],
    "scattered_variant_envs": [],
    "mappings": [],
    "casts": [],
    "allow_casts": true,
    "allow_bindings": true,
    "allow_unknowns": false
  }
]
