---
source: sail/src/json.rs
expression: "ModelConfig::load(\"../testdata/sail-arm/arm-v8.5-a/model/sail.json\").unwrap()"
---
ModelConfig {
    options: Options {
        non_lexical_flow: true,
        no_lexp_bounds_check: true,
    },
    files: [
        "../testdata/sail-arm/arm-v8.5-a/model/prelude.sail",
        "../testdata/sail-arm/arm-v8.5-a/model/no_devices.sail",
        "../testdata/sail-arm/arm-v8.5-a/model/aarch_types.sail",
        "../testdata/sail-arm/arm-v8.5-a/model/aarch_mem.sail",
        "../testdata/sail-arm/arm-v8.5-a/model/aarch64.sail",
        "../testdata/sail-arm/arm-v8.5-a/model/aarch64_float.sail",
        "../testdata/sail-arm/arm-v8.5-a/model/aarch64_vector.sail",
        "../testdata/sail-arm/arm-v8.5-a/model/aarch32.sail",
        "../testdata/sail-arm/arm-v8.5-a/model/aarch_decode.sail",
    ],
}
